  [1m[35mSQL (0.6ms)[0m  [1m[35mSET search_path TO public /*application='Backend'*/[0m
  [1m[35m (253.6ms)[0m  [1m[35mCREATE DATABASE "backend_development" ENCODING = 'unicode' /*application='Backend'*/[0m
  [1m[35mSQL (0.1ms)[0m  [1m[35mSET search_path TO public /*application='Backend'*/[0m
  [1m[35m (56.7ms)[0m  [1m[35mCREATE DATABASE "backend_test" ENCODING = 'unicode' /*application='Backend'*/[0m
  [1m[35m (15.8ms)[0m  [1m[35mCREATE TABLE "schema_migrations" ("version" character varying NOT NULL PRIMARY KEY) /*application='Backend'*/[0m
  [1m[35m (13.6ms)[0m  [1m[35mCREATE TABLE "ar_internal_metadata" ("key" character varying NOT NULL PRIMARY KEY, "value" character varying, "created_at" timestamp(6) NOT NULL, "updated_at" timestamp(6) NOT NULL) /*application='Backend'*/[0m
  [1m[35m (1.4ms)[0m  [1m[34mSELECT pg_try_advisory_lock(5073945470573576205) /*application='Backend'*/[0m
  [1m[36mActiveRecord::SchemaMigration Load (0.4ms)[0m  [1m[34mSELECT "schema_migrations"."version" FROM "schema_migrations" ORDER BY "schema_migrations"."version" ASC /*application='Backend'*/[0m
  [1m[36mActiveRecord::InternalMetadata Load (0.4ms)[0m  [1m[34mSELECT * FROM "ar_internal_metadata" WHERE "ar_internal_metadata"."key" = 'environment' ORDER BY "ar_internal_metadata"."key" ASC LIMIT 1 /*application='Backend'*/[0m
  [1m[36mActiveRecord::InternalMetadata Create (3.1ms)[0m  [1m[32mINSERT INTO "ar_internal_metadata" ("key", "value", "created_at", "updated_at") VALUES ('environment', 'development', '2025-11-09 16:59:41.435708', '2025-11-09 16:59:41.435710') RETURNING "key" /*application='Backend'*/[0m
  [1m[35m (0.2ms)[0m  [1m[34mSELECT pg_advisory_unlock(5073945470573576205) /*application='Backend'*/[0m
  [1m[36mActiveRecord::SchemaMigration Load (0.1ms)[0m  [1m[34mSELECT "schema_migrations"."version" FROM "schema_migrations" ORDER BY "schema_migrations"."version" ASC /*application='Backend'*/[0m
  [1m[35mSQL (0.1ms)[0m  [1m[35mSET search_path TO public /*application='Backend'*/[0m
  [1m[35mSQL (0.1ms)[0m  [1m[35mSET search_path TO "$user", public /*application='Backend'*/[0m
  [1m[35mSQL (0.1ms)[0m  [1m[35mSET search_path TO public /*application='Backend'*/[0m
  [1m[35mSQL (0.1ms)[0m  [1m[35mSET search_path TO "$user", public /*application='Backend'*/[0m
Started GET "/restaurants" for ::1 at 2025-11-09 17:07:08 +0000
  [1m[36mActiveRecord::SchemaMigration Load (0.4ms)[0m  [1m[34mSELECT "schema_migrations"."version" FROM "schema_migrations" ORDER BY "schema_migrations"."version" ASC /*application='Backend'*/[0m
  
ActionController::RoutingError (No route matches [GET] "/restaurants"):
  
Started GET "/restaurants" for ::1 at 2025-11-09 17:07:08 +0000
  
ActionController::RoutingError (No route matches [GET] "/restaurants"):
  
Started GET "/" for ::1 at 2025-11-09 17:07:10 +0000
Processing by Rails::WelcomeController#index as HTML
  Rendering /home/liamf/.local/share/mise/installs/ruby/3.4.7/lib/ruby/gems/3.4.0/gems/railties-8.1.1/lib/rails/templates/rails/welcome/index.html.erb
  Rendered /home/liamf/.local/share/mise/installs/ruby/3.4.7/lib/ruby/gems/3.4.0/gems/railties-8.1.1/lib/rails/templates/rails/welcome/index.html.erb (Duration: 0.3ms | GC: 0.0ms)
Completed 200 OK in 7ms (Views: 0.8ms | ActiveRecord: 0.0ms (0 queries, 0 cached) | GC: 0.9ms)


Started GET "/icon.png" for ::1 at 2025-11-09 17:07:10 +0000
  
ActionController::RoutingError (No route matches [GET] "/icon.png"):
  
Started GET "/ping" for ::1 at 2025-11-09 17:09:15 +0000
  [1m[35mSQL (0.1ms)[0m  [1m[35mSET search_path TO public /*application='Backend'*/[0m
  [1m[35m (9.7ms)[0m  [1m[35mCREATE DATABASE "backend_development" ENCODING = 'unicode' /*application='Backend'*/[0m
  [1m[35mSQL (0.1ms)[0m  [1m[35mSET search_path TO public /*application='Backend'*/[0m
  [1m[35m (6.2ms)[0m  [1m[35mCREATE DATABASE "backend_test" ENCODING = 'unicode' /*application='Backend'*/[0m
  [1m[35m (0.1ms)[0m  [1m[34mSELECT pg_try_advisory_lock(5073945470573576205) /*application='Backend'*/[0m
  [1m[36mActiveRecord::SchemaMigration Load (0.7ms)[0m  [1m[34mSELECT "schema_migrations"."version" FROM "schema_migrations" ORDER BY "schema_migrations"."version" ASC /*application='Backend'*/[0m
  [1m[36mActiveRecord::InternalMetadata Load (0.3ms)[0m  [1m[34mSELECT * FROM "ar_internal_metadata" WHERE "ar_internal_metadata"."key" = 'environment' ORDER BY "ar_internal_metadata"."key" ASC LIMIT 1 /*application='Backend'*/[0m
  [1m[35m (0.1ms)[0m  [1m[34mSELECT pg_advisory_unlock(5073945470573576205) /*application='Backend'*/[0m
  [1m[36mActiveRecord::SchemaMigration Load (0.1ms)[0m  [1m[34mSELECT "schema_migrations"."version" FROM "schema_migrations" ORDER BY "schema_migrations"."version" ASC /*application='Backend'*/[0m
  [1m[35mSQL (0.1ms)[0m  [1m[35mSET search_path TO public /*application='Backend'*/[0m
  [1m[35mSQL (0.1ms)[0m  [1m[35mSET search_path TO "$user", public /*application='Backend'*/[0m
  [1m[35mSQL (0.1ms)[0m  [1m[35mSET search_path TO public /*application='Backend'*/[0m
  [1m[35mSQL (0.1ms)[0m  [1m[35mSET search_path TO "$user", public /*application='Backend'*/[0m
  [1m[36mActiveRecord::SchemaMigration Load (0.4ms)[0m  [1m[34mSELECT "schema_migrations"."version" FROM "schema_migrations" ORDER BY "schema_migrations"."version" ASC /*application='Backend'*/[0m
Started GET "/api/v1/restaurants" for ::1 at 2025-11-09 17:21:09 +0000
  [1m[36mActiveRecord::SchemaMigration Load (0.3ms)[0m  [1m[34mSELECT "schema_migrations"."version" FROM "schema_migrations" ORDER BY "schema_migrations"."version" ASC /*application='Backend'*/[0m
Processing by Api::V1::RestaurantsController#index as HTML
  [1m[36mRestaurant Load (6.5ms)[0m  [1m[34mSELECT "restaurants".* FROM "restaurants" /*action='index',application='Backend',controller='restaurants'*/[0m
  ↳ app/controllers/api/v1/restaurants_controller.rb:9:in 'Api::V1::RestaurantsController#index'
Completed 500 Internal Server Error in 27ms (ActiveRecord: 9.0ms (1 query, 0 cached) | GC: 1.2ms)


  
ActiveRecord::StatementInvalid (PG::UndefinedTable: ERROR:  relation "restaurants" does not exist
LINE 1: SELECT "restaurants".* FROM "restaurants" /*action='index',a...
                                    ^
)
Caused by: PG::UndefinedTable (ERROR:  relation "restaurants" does not exist
LINE 1: SELECT "restaurants".* FROM "restaurants" /*action='index',a...
                                    ^
)

Information for: ActiveRecord::StatementInvalid (PG::UndefinedTable: ERROR:  relation "restaurants" does not exist
LINE 1: SELECT "restaurants".* FROM "restaurants" /*action='index',a...
                                    ^
):
  

Information for cause: PG::UndefinedTable (ERROR:  relation "restaurants" does not exist
LINE 1: SELECT "restaurants".* FROM "restaurants" /*action='index',a...
                                    ^
):
  
app/controllers/api/v1/restaurants_controller.rb:9:in 'Api::V1::RestaurantsController#index'
Started GET "/api/v1/restaurants" for ::1 at 2025-11-09 17:21:36 +0000
Processing by Api::V1::RestaurantsController#index as */*
  [1m[36mRestaurant Load (0.4ms)[0m  [1m[34mSELECT "restaurants".* FROM "restaurants" /*action='index',application='Backend',controller='restaurants'*/[0m
  ↳ app/controllers/api/v1/restaurants_controller.rb:9:in 'Api::V1::RestaurantsController#index'
Completed 500 Internal Server Error in 1ms (ActiveRecord: 0.4ms (1 query, 0 cached) | GC: 0.0ms)


  
ActiveRecord::StatementInvalid (PG::UndefinedTable: ERROR:  relation "restaurants" does not exist
LINE 1: SELECT "restaurants".* FROM "restaurants" /*action='index',a...
                                    ^
)
Caused by: PG::UndefinedTable (ERROR:  relation "restaurants" does not exist
LINE 1: SELECT "restaurants".* FROM "restaurants" /*action='index',a...
                                    ^
)

Information for: ActiveRecord::StatementInvalid (PG::UndefinedTable: ERROR:  relation "restaurants" does not exist
LINE 1: SELECT "restaurants".* FROM "restaurants" /*action='index',a...
                                    ^
):
  

Information for cause: PG::UndefinedTable (ERROR:  relation "restaurants" does not exist
LINE 1: SELECT "restaurants".* FROM "restaurants" /*action='index',a...
                                    ^
):
  
app/controllers/api/v1/restaurants_controller.rb:9:in 'Api::V1::RestaurantsController#index'
  [1m[35mSQL (0.1ms)[0m  [1m[35mSET search_path TO public /*application='Backend'*/[0m
  [1m[35m (7.3ms)[0m  [1m[35mCREATE DATABASE "backend_development" ENCODING = 'unicode' /*application='Backend'*/[0m
  [1m[35mSQL (0.1ms)[0m  [1m[35mSET search_path TO public /*application='Backend'*/[0m
  [1m[35m (5.9ms)[0m  [1m[35mCREATE DATABASE "backend_test" ENCODING = 'unicode' /*application='Backend'*/[0m
  [1m[35m (0.1ms)[0m  [1m[34mSELECT pg_try_advisory_lock(5073945470573576205) /*application='Backend'*/[0m
  [1m[36mActiveRecord::SchemaMigration Load (0.3ms)[0m  [1m[34mSELECT "schema_migrations"."version" FROM "schema_migrations" ORDER BY "schema_migrations"."version" ASC /*application='Backend'*/[0m
  [1m[36mActiveRecord::InternalMetadata Load (0.4ms)[0m  [1m[34mSELECT * FROM "ar_internal_metadata" WHERE "ar_internal_metadata"."key" = 'environment' ORDER BY "ar_internal_metadata"."key" ASC LIMIT 1 /*application='Backend'*/[0m
  [1m[35m (0.1ms)[0m  [1m[34mSELECT pg_advisory_unlock(5073945470573576205) /*application='Backend'*/[0m
  [1m[36mActiveRecord::SchemaMigration Load (0.1ms)[0m  [1m[34mSELECT "schema_migrations"."version" FROM "schema_migrations" ORDER BY "schema_migrations"."version" ASC /*application='Backend'*/[0m
  [1m[35mSQL (0.1ms)[0m  [1m[35mSET search_path TO public /*application='Backend'*/[0m
  [1m[35mSQL (0.1ms)[0m  [1m[35mSET search_path TO "$user", public /*application='Backend'*/[0m
  [1m[35mSQL (0.1ms)[0m  [1m[35mSET search_path TO public /*application='Backend'*/[0m
  [1m[35mSQL (0.1ms)[0m  [1m[35mSET search_path TO "$user", public /*application='Backend'*/[0m
  [1m[36mActiveRecord::SchemaMigration Load (0.3ms)[0m  [1m[34mSELECT "schema_migrations"."version" FROM "schema_migrations" ORDER BY "schema_migrations"."version" ASC /*application='Backend'*/[0m
  [1m[35m (0.1ms)[0m  [1m[34mSELECT pg_try_advisory_lock(5073945470573576205) /*application='Backend'*/[0m
  [1m[36mActiveRecord::SchemaMigration Load (0.3ms)[0m  [1m[34mSELECT "schema_migrations"."version" FROM "schema_migrations" ORDER BY "schema_migrations"."version" ASC /*application='Backend'*/[0m
  [1m[36mActiveRecord::InternalMetadata Load (0.3ms)[0m  [1m[34mSELECT * FROM "ar_internal_metadata" WHERE "ar_internal_metadata"."key" = 'environment' ORDER BY "ar_internal_metadata"."key" ASC LIMIT 1 /*application='Backend'*/[0m
  [1m[35m (0.1ms)[0m  [1m[34mSELECT pg_advisory_unlock(5073945470573576205) /*application='Backend'*/[0m
  [1m[36mActiveRecord::SchemaMigration Load (0.1ms)[0m  [1m[34mSELECT "schema_migrations"."version" FROM "schema_migrations" ORDER BY "schema_migrations"."version" ASC /*application='Backend'*/[0m
  [1m[35mSQL (0.1ms)[0m  [1m[35mSET search_path TO public /*application='Backend'*/[0m
  [1m[35mSQL (0.1ms)[0m  [1m[35mSET search_path TO "$user", public /*application='Backend'*/[0m
  [1m[35mSQL (0.1ms)[0m  [1m[35mSET search_path TO public /*application='Backend'*/[0m
  [1m[35mSQL (0.1ms)[0m  [1m[35mSET search_path TO "$user", public /*application='Backend'*/[0m
  [1m[36mActiveRecord::SchemaMigration Load (0.3ms)[0m  [1m[34mSELECT "schema_migrations"."version" FROM "schema_migrations" ORDER BY "schema_migrations"."version" ASC /*application='Backend'*/[0m
  [1m[35mSQL (0.6ms)[0m  [1m[35mSET search_path TO public /*application='Backend'*/[0m
  [1m[35m (24.8ms)[0m  [1m[35mCREATE DATABASE "backend_development" ENCODING = 'unicode' /*application='Backend'*/[0m
  [1m[35mSQL (0.1ms)[0m  [1m[35mSET search_path TO public /*application='Backend'*/[0m
  [1m[35m (7.0ms)[0m  [1m[35mCREATE DATABASE "backend_test" ENCODING = 'unicode' /*application='Backend'*/[0m
  [1m[35m (1.3ms)[0m  [1m[34mSELECT pg_try_advisory_lock(5073945470573576205) /*application='Backend'*/[0m
  [1m[36mActiveRecord::SchemaMigration Load (1.2ms)[0m  [1m[34mSELECT "schema_migrations"."version" FROM "schema_migrations" ORDER BY "schema_migrations"."version" ASC /*application='Backend'*/[0m
  [1m[36mActiveRecord::InternalMetadata Load (0.3ms)[0m  [1m[34mSELECT * FROM "ar_internal_metadata" WHERE "ar_internal_metadata"."key" = 'environment' ORDER BY "ar_internal_metadata"."key" ASC LIMIT 1 /*application='Backend'*/[0m
Migrating to CreateRestaurants (20251030160438)
  [1m[36mTRANSACTION (0.1ms)[0m  [1m[35mBEGIN /*application='Backend'*/[0m
  [1m[35m (18.1ms)[0m  [1m[35mCREATE TABLE "restaurants" ("id" bigserial primary key, "name" character varying, "cuisine" character varying, "address" character varying, "website" character varying, "latitude" float, "longitude" float, "user_added" boolean, "created_at" timestamp(6) NOT NULL, "updated_at" timestamp(6) NOT NULL) /*application='Backend'*/[0m
  [1m[36mActiveRecord::SchemaMigration Create (0.3ms)[0m  [1m[32mINSERT INTO "schema_migrations" ("version") VALUES ('20251030160438') RETURNING "version" /*application='Backend'*/[0m
  [1m[36mTRANSACTION (2.6ms)[0m  [1m[35mCOMMIT /*application='Backend'*/[0m
  [1m[35m (0.1ms)[0m  [1m[34mSELECT pg_advisory_unlock(5073945470573576205) /*application='Backend'*/[0m
  [1m[36mActiveRecord::SchemaMigration Load (0.1ms)[0m  [1m[34mSELECT "schema_migrations"."version" FROM "schema_migrations" ORDER BY "schema_migrations"."version" ASC /*application='Backend'*/[0m
  [1m[35mSQL (0.1ms)[0m  [1m[35mSET search_path TO public /*application='Backend'*/[0m
  [1m[35mSQL (0.1ms)[0m  [1m[35mSET search_path TO "$user", public /*application='Backend'*/[0m
  [1m[35mSQL (0.1ms)[0m  [1m[35mSET search_path TO public /*application='Backend'*/[0m
  [1m[35mSQL (0.1ms)[0m  [1m[35mSET search_path TO "$user", public /*application='Backend'*/[0m
  [1m[36mActiveRecord::SchemaMigration Load (0.4ms)[0m  [1m[34mSELECT "schema_migrations"."version" FROM "schema_migrations" ORDER BY "schema_migrations"."version" ASC /*application='Backend'*/[0m
Started GET "/api/v1/restaurants" for ::1 at 2025-11-09 17:26:39 +0000
  [1m[36mActiveRecord::SchemaMigration Load (0.3ms)[0m  [1m[34mSELECT "schema_migrations"."version" FROM "schema_migrations" ORDER BY "schema_migrations"."version" ASC /*application='Backend'*/[0m
Processing by Api::V1::RestaurantsController#index as */*
  [1m[36mRestaurant Load (6.5ms)[0m  [1m[34mSELECT "restaurants".* FROM "restaurants" /*action='index',application='Backend',controller='restaurants'*/[0m
  ↳ app/controllers/api/v1/restaurants_controller.rb:9:in 'Api::V1::RestaurantsController#index'
Completed 200 OK in 21ms (Views: -1.3ms | ActiveRecord: 9.0ms (1 query, 0 cached) | GC: 0.5ms)


Started GET "/api/v1/restaurants" for ::1 at 2025-11-09 17:26:47 +0000
Processing by Api::V1::RestaurantsController#index as */*
  [1m[36mRestaurant Load (0.3ms)[0m  [1m[34mSELECT "restaurants".* FROM "restaurants" /*action='index',application='Backend',controller='restaurants'*/[0m
  ↳ app/controllers/api/v1/restaurants_controller.rb:9:in 'Api::V1::RestaurantsController#index'
Completed 200 OK in 1ms (Views: 0.9ms | ActiveRecord: 0.3ms (1 query, 0 cached) | GC: 0.0ms)


Started GET "/api/v1/restaurants" for ::1 at 2025-11-09 17:26:52 +0000
Processing by Api::V1::RestaurantsController#index as HTML
  [1m[36mRestaurant Load (0.3ms)[0m  [1m[34mSELECT "restaurants".* FROM "restaurants" /*action='index',application='Backend',controller='restaurants'*/[0m
  ↳ app/controllers/api/v1/restaurants_controller.rb:9:in 'Api::V1::RestaurantsController#index'
Completed 200 OK in 1ms (Views: 1.0ms | ActiveRecord: 0.3ms (1 query, 0 cached) | GC: 0.0ms)


Started GET "/api/v1/restaurants" for ::1 at 2025-11-09 17:39:38 +0000
  [1m[36mActiveRecord::SchemaMigration Load (0.7ms)[0m  [1m[34mSELECT "schema_migrations"."version" FROM "schema_migrations" ORDER BY "schema_migrations"."version" ASC /*application='Backend'*/[0m
Processing by Api::V1::RestaurantsController#index as HTML
  [1m[36mRestaurant Load (6.4ms)[0m  [1m[34mSELECT "restaurants".* FROM "restaurants" /*action='index',application='Backend',controller='restaurants'*/[0m
  ↳ app/controllers/api/v1/restaurants_controller.rb:9:in 'Api::V1::RestaurantsController#index'
Completed 200 OK in 23ms (Views: -1.3ms | ActiveRecord: 8.9ms (1 query, 0 cached) | GC: 1.3ms)


Started GET "/api/v1/restaurants" for ::1 at 2025-11-09 17:39:39 +0000
Processing by Api::V1::RestaurantsController#index as HTML
  [1m[36mRestaurant Load (0.3ms)[0m  [1m[34mSELECT "restaurants".* FROM "restaurants" /*action='index',application='Backend',controller='restaurants'*/[0m
  ↳ app/controllers/api/v1/restaurants_controller.rb:9:in 'Api::V1::RestaurantsController#index'
Completed 200 OK in 1ms (Views: 0.9ms | ActiveRecord: 0.2ms (1 query, 0 cached) | GC: 0.0ms)


  [1m[35mSQL (0.1ms)[0m  [1m[35mSET search_path TO public /*application='Backend'*/[0m
  [1m[35m (17.5ms)[0m  [1m[35mCREATE DATABASE "backend_development" ENCODING = 'unicode' /*application='Backend'*/[0m
  [1m[35mSQL (0.1ms)[0m  [1m[35mSET search_path TO public /*application='Backend'*/[0m
  [1m[35m (6.9ms)[0m  [1m[35mCREATE DATABASE "backend_test" ENCODING = 'unicode' /*application='Backend'*/[0m
  [1m[35m (5.2ms)[0m  [1m[34mSELECT pg_try_advisory_lock(5073945470573576205) /*application='Backend'*/[0m
  [1m[36mActiveRecord::SchemaMigration Load (0.3ms)[0m  [1m[34mSELECT "schema_migrations"."version" FROM "schema_migrations" ORDER BY "schema_migrations"."version" ASC /*application='Backend'*/[0m
  [1m[36mActiveRecord::InternalMetadata Load (0.3ms)[0m  [1m[34mSELECT * FROM "ar_internal_metadata" WHERE "ar_internal_metadata"."key" = 'environment' ORDER BY "ar_internal_metadata"."key" ASC LIMIT 1 /*application='Backend'*/[0m
  [1m[35m (0.1ms)[0m  [1m[34mSELECT pg_advisory_unlock(5073945470573576205) /*application='Backend'*/[0m
  [1m[36mActiveRecord::SchemaMigration Load (0.1ms)[0m  [1m[34mSELECT "schema_migrations"."version" FROM "schema_migrations" ORDER BY "schema_migrations"."version" ASC /*application='Backend'*/[0m
  [1m[35mSQL (0.1ms)[0m  [1m[35mSET search_path TO public /*application='Backend'*/[0m
  [1m[35mSQL (0.1ms)[0m  [1m[35mSET search_path TO "$user", public /*application='Backend'*/[0m
  [1m[35mSQL (0.1ms)[0m  [1m[35mSET search_path TO public /*application='Backend'*/[0m
  [1m[35mSQL (0.1ms)[0m  [1m[35mSET search_path TO "$user", public /*application='Backend'*/[0m
  [1m[36mActiveRecord::SchemaMigration Load (0.3ms)[0m  [1m[34mSELECT "schema_migrations"."version" FROM "schema_migrations" ORDER BY "schema_migrations"."version" ASC /*application='Backend'*/[0m
  [1m[36mRestaurant Load (0.3ms)[0m  [1m[34mSELECT "restaurants".* FROM "restaurants" /*application='Backend'*/[0m
  [1m[36mTRANSACTION (0.2ms)[0m  [1m[35mBEGIN /*application='Backend'*/[0m
  [1m[36mRestaurant Create (4.7ms)[0m  [1m[32mINSERT INTO "restaurants" ("name", "cuisine", "address", "website", "latitude", "longitude", "user_added", "created_at", "updated_at") VALUES ('Bunsen', 'Burgers', '36 Wexford Street, Dublin 2', 'https://bunsen.ie', 53.3372139, -6.2659607, FALSE, '2025-11-09 17:46:49.477910', '2025-11-09 17:46:49.477910') RETURNING "id" /*application='Backend'*/[0m
  [1m[36mTRANSACTION (26.3ms)[0m  [1m[35mCOMMIT /*application='Backend'*/[0m
  [1m[36mTRANSACTION (0.2ms)[0m  [1m[35mBEGIN /*application='Backend'*/[0m
  [1m[36mRestaurant Create (1.2ms)[0m  [1m[32mINSERT INTO "restaurants" ("name", "cuisine", "address", "website", "latitude", "longitude", "user_added", "created_at", "updated_at") VALUES ('777', 'Mexican', '7 Castle House, South Great George''s Street, Dublin 2', 'https://777restaurant.com', 53.3431749, -6.2646809, FALSE, '2025-11-09 17:46:50.488217', '2025-11-09 17:46:50.488217') RETURNING "id" /*application='Backend'*/[0m
  [1m[36mTRANSACTION (15.6ms)[0m  [1m[35mCOMMIT /*application='Backend'*/[0m
  [1m[36mTRANSACTION (0.2ms)[0m  [1m[35mBEGIN /*application='Backend'*/[0m
  [1m[36mRestaurant Create (1.4ms)[0m  [1m[32mINSERT INTO "restaurants" ("name", "cuisine", "address", "website", "latitude", "longitude", "user_added", "created_at", "updated_at") VALUES ('Hang Dai', 'Chinese', '13-14 Camden Street Lower, Dublin 2', 'https://hangdai.ie', 53.335971, -6.2653008, FALSE, '2025-11-09 17:46:51.752914', '2025-11-09 17:46:51.752914') RETURNING "id" /*application='Backend'*/[0m
  [1m[36mTRANSACTION (12.7ms)[0m  [1m[35mCOMMIT /*application='Backend'*/[0m
  [1m[36mTRANSACTION (0.1ms)[0m  [1m[35mBEGIN /*application='Backend'*/[0m
  [1m[36mRestaurant Create (1.2ms)[0m  [1m[32mINSERT INTO "restaurants" ("name", "cuisine", "address", "website", "latitude", "longitude", "user_added", "created_at", "updated_at") VALUES ('Glas', 'Vegan', '17 Chatham Street, Dublin 2', 'https://glasrestaurant.ie', 53.3409747, -6.2617663, FALSE, '2025-11-09 17:46:52.508695', '2025-11-09 17:46:52.508695') RETURNING "id" /*application='Backend'*/[0m
  [1m[36mTRANSACTION (10.2ms)[0m  [1m[35mCOMMIT /*application='Backend'*/[0m
  [1m[36mTRANSACTION (0.1ms)[0m  [1m[35mBEGIN /*application='Backend'*/[0m
  [1m[36mRestaurant Create (1.1ms)[0m  [1m[32mINSERT INTO "restaurants" ("name", "cuisine", "address", "website", "latitude", "longitude", "user_added", "created_at", "updated_at") VALUES ('The Woollen Mills', 'Irish', '42 Lower Ormond Quay, Dublin 1', 'https://www.thewoollenmill.com', 53.3467276, -6.2635391, FALSE, '2025-11-09 17:46:53.761776', '2025-11-09 17:46:53.761776') RETURNING "id" /*application='Backend'*/[0m
  [1m[36mTRANSACTION (12.5ms)[0m  [1m[35mCOMMIT /*application='Backend'*/[0m
  [1m[36mTRANSACTION (0.2ms)[0m  [1m[35mBEGIN /*application='Backend'*/[0m
  [1m[36mRestaurant Create (1.6ms)[0m  [1m[32mINSERT INTO "restaurants" ("name", "cuisine", "address", "website", "latitude", "longitude", "user_added", "created_at", "updated_at") VALUES ('Yamamori', 'Japanese', '38-39 Lower Ormond Quay, Dublin 1', 'https://yamamori.ie', 53.3466181, -6.2638767, FALSE, '2025-11-09 17:46:54.872245', '2025-11-09 17:46:54.872245') RETURNING "id" /*application='Backend'*/[0m
  [1m[36mTRANSACTION (17.0ms)[0m  [1m[35mCOMMIT /*application='Backend'*/[0m
  [1m[36mTRANSACTION (0.1ms)[0m  [1m[35mBEGIN /*application='Backend'*/[0m
  [1m[36mRestaurant Create (1.4ms)[0m  [1m[32mINSERT INTO "restaurants" ("name", "cuisine", "address", "website", "latitude", "longitude", "user_added", "created_at", "updated_at") VALUES ('The Fumbally', 'Cafe', 'Fumbally Lane, Dublin 8', 'https://thefumbally.ie', 53.3369792, -6.2739392, FALSE, '2025-11-09 17:46:55.450180', '2025-11-09 17:46:55.450180') RETURNING "id" /*application='Backend'*/[0m
  [1m[36mTRANSACTION (10.0ms)[0m  [1m[35mCOMMIT /*application='Backend'*/[0m
  [1m[36mTRANSACTION (0.1ms)[0m  [1m[35mBEGIN /*application='Backend'*/[0m
  [1m[36mRestaurant Create (1.1ms)[0m  [1m[32mINSERT INTO "restaurants" ("name", "cuisine", "address", "website", "latitude", "longitude", "user_added", "created_at", "updated_at") VALUES ('Brother Hubbard', 'Middle Eastern', '153 Capel Street, Dublin 1', 'https://brotherhubbard.ie', 53.3471313, -6.2684435, FALSE, '2025-11-09 17:46:56.567348', '2025-11-09 17:46:56.567348') RETURNING "id" /*application='Backend'*/[0m
  [1m[36mTRANSACTION (41.7ms)[0m  [1m[35mCOMMIT /*application='Backend'*/[0m
  [1m[36mTRANSACTION (0.1ms)[0m  [1m[35mBEGIN /*application='Backend'*/[0m
  [1m[36mRestaurant Create (1.2ms)[0m  [1m[32mINSERT INTO "restaurants" ("name", "cuisine", "address", "website", "latitude", "longitude", "user_added", "created_at", "updated_at") VALUES ('Umi Falafel', 'Falafel', '13 Stephen Street Lower, Dublin 2', 'https://umifalafel.com', 53.3413659, -6.2647338, FALSE, '2025-11-09 17:46:57.729016', '2025-11-09 17:46:57.729016') RETURNING "id" /*application='Backend'*/[0m
  [1m[36mTRANSACTION (15.5ms)[0m  [1m[35mCOMMIT /*application='Backend'*/[0m
  [1m[36mTRANSACTION (0.2ms)[0m  [1m[35mBEGIN /*application='Backend'*/[0m
  [1m[36mRestaurant Create (1.2ms)[0m  [1m[32mINSERT INTO "restaurants" ("name", "cuisine", "address", "website", "latitude", "longitude", "user_added", "created_at", "updated_at") VALUES ('SuperMiss', 'Asian Fusion', '5 Fade Street, Dublin 2', 'https://supermiss.ie', 53.3420078, -6.2641508, FALSE, '2025-11-09 17:46:58.448593', '2025-11-09 17:46:58.448593') RETURNING "id" /*application='Backend'*/[0m
  [1m[36mTRANSACTION (13.4ms)[0m  [1m[35mCOMMIT /*application='Backend'*/[0m
  [1m[36mRestaurant Count (0.2ms)[0m  [1m[34mSELECT COUNT(*) FROM "restaurants" /*application='Backend'*/[0m
Started GET "/api/v1/restaurants" for ::1 at 2025-11-09 17:47:50 +0000
  [1m[36mActiveRecord::SchemaMigration Load (0.4ms)[0m  [1m[34mSELECT "schema_migrations"."version" FROM "schema_migrations" ORDER BY "schema_migrations"."version" ASC /*application='Backend'*/[0m
Processing by Api::V1::RestaurantsController#index as HTML
  [1m[36mRestaurant Load (7.2ms)[0m  [1m[34mSELECT "restaurants".* FROM "restaurants" /*action='index',application='Backend',controller='restaurants'*/[0m
  ↳ app/controllers/api/v1/restaurants_controller.rb:9:in 'Api::V1::RestaurantsController#index'
Completed 200 OK in 23ms (Views: 3.4ms | ActiveRecord: 11.5ms (1 query, 0 cached) | GC: 1.6ms)


Started GET "/api/v1/config/maps_key" for ::1 at 2025-11-09 19:37:22 +0000
Started GET "/api/v1/restaurants" for ::1 at 2025-11-09 19:37:22 +0000
  [1m[36mActiveRecord::SchemaMigration Load (1.2ms)[0m  [1m[34mSELECT "schema_migrations"."version" FROM "schema_migrations" ORDER BY "schema_migrations"."version" ASC /*application='Backend'*/[0m
  
ActionController::RoutingError (No route matches [GET] "/api/v1/config/maps_key"):
  
Processing by Api::V1::RestaurantsController#index as HTML
  [1m[36mRestaurant Load (10.2ms)[0m  [1m[34mSELECT "restaurants".* FROM "restaurants" /*action='index',application='Backend',controller='restaurants'*/[0m
  ↳ app/controllers/api/v1/restaurants_controller.rb:9:in 'Api::V1::RestaurantsController#index'
Completed 200 OK in 44ms (Views: 3.3ms | ActiveRecord: 27.1ms (1 query, 0 cached) | GC: 0.1ms)


Started GET "/api/v1/restaurants" for ::1 at 2025-11-09 19:37:22 +0000
Processing by Api::V1::RestaurantsController#index as HTML
  [1m[36mRestaurant Load (0.4ms)[0m  [1m[34mSELECT "restaurants".* FROM "restaurants" /*action='index',application='Backend',controller='restaurants'*/[0m
  ↳ app/controllers/api/v1/restaurants_controller.rb:9:in 'Api::V1::RestaurantsController#index'
Completed 200 OK in 2ms (Views: 1.4ms | ActiveRecord: 0.4ms (1 query, 0 cached) | GC: 0.0ms)


Started GET "/api/v1/config/maps_key" for ::1 at 2025-11-09 19:37:22 +0000
Processing by Api::V1::ConfigController#maps_key as HTML
Completed 200 OK in 0ms (Views: 0.1ms | ActiveRecord: 0.0ms (0 queries, 0 cached) | GC: 0.0ms)


Started GET "/api/v1/restaurants" for ::1 at 2025-11-09 19:38:13 +0000
Processing by Api::V1::RestaurantsController#index as HTML
  [1m[36mRestaurant Load (0.4ms)[0m  [1m[34mSELECT "restaurants".* FROM "restaurants" /*action='index',application='Backend',controller='restaurants'*/[0m
  ↳ app/controllers/api/v1/restaurants_controller.rb:9:in 'Api::V1::RestaurantsController#index'
Completed 200 OK in 2ms (Views: 1.7ms | ActiveRecord: 0.4ms (1 query, 0 cached) | GC: 0.0ms)


Started POST "/api/v1/restaurants" for ::1 at 2025-11-09 19:38:53 +0000
Processing by Api::V1::RestaurantsController#create as HTML
  Parameters: {"restaurant" => {"name" => "Liams House", "cuisine" => "Pizza", "address" => "29 Ridgewood Park", "website" => "", "user_added" => true}}
  [1m[36mTRANSACTION (0.2ms)[0m  [1m[35mBEGIN /*action='create',application='Backend',controller='restaurants'*/[0m
  ↳ app/controllers/api/v1/restaurants_controller.rb:21:in 'Api::V1::RestaurantsController#create'
  [1m[36mRestaurant Create (2.3ms)[0m  [1m[32mINSERT INTO "restaurants" ("name", "cuisine", "address", "website", "latitude", "longitude", "user_added", "created_at", "updated_at") VALUES ('Liams House', 'Pizza', '29 Ridgewood Park', '', 53.4473237, -6.2470646, TRUE, '2025-11-09 19:38:54.151159', '2025-11-09 19:38:54.151159') RETURNING "id" /*action='create',application='Backend',controller='restaurants'*/[0m
  ↳ app/controllers/api/v1/restaurants_controller.rb:21:in 'Api::V1::RestaurantsController#create'
  [1m[36mTRANSACTION (3.0ms)[0m  [1m[35mCOMMIT /*action='create',application='Backend',controller='restaurants'*/[0m
  ↳ app/controllers/api/v1/restaurants_controller.rb:21:in 'Api::V1::RestaurantsController#create'
Completed 201 Created in 172ms (Views: 0.3ms | ActiveRecord: 5.5ms (1 query, 0 cached) | GC: 0.0ms)


Started GET "/api/v1/restaurants" for ::1 at 2025-11-09 19:38:54 +0000
Processing by Api::V1::RestaurantsController#index as HTML
  [1m[36mRestaurant Load (0.2ms)[0m  [1m[34mSELECT "restaurants".* FROM "restaurants" /*action='index',application='Backend',controller='restaurants'*/[0m
  ↳ app/controllers/api/v1/restaurants_controller.rb:9:in 'Api::V1::RestaurantsController#index'
Completed 200 OK in 2ms (Views: 1.4ms | ActiveRecord: 0.2ms (1 query, 0 cached) | GC: 0.0ms)


Started GET "/api/v1/restaurants" for ::1 at 2025-11-09 19:39:08 +0000
Processing by Api::V1::RestaurantsController#index as HTML
  [1m[36mRestaurant Load (0.9ms)[0m  [1m[34mSELECT "restaurants".* FROM "restaurants" /*action='index',application='Backend',controller='restaurants'*/[0m
  ↳ app/controllers/api/v1/restaurants_controller.rb:9:in 'Api::V1::RestaurantsController#index'
Completed 200 OK in 3ms (Views: 2.1ms | ActiveRecord: 0.9ms (1 query, 0 cached) | GC: 0.0ms)


Started GET "/api/v1/config/maps_key" for ::1 at 2025-11-09 19:39:08 +0000
Started GET "/api/v1/restaurants" for ::1 at 2025-11-09 19:39:08 +0000
Processing by Api::V1::ConfigController#maps_key as HTML
Completed 200 OK in 0ms (Views: 0.1ms | ActiveRecord: 0.0ms (0 queries, 0 cached) | GC: 0.0ms)


Processing by Api::V1::RestaurantsController#index as HTML
  [1m[36mRestaurant Load (0.4ms)[0m  [1m[34mSELECT "restaurants".* FROM "restaurants" /*action='index',application='Backend',controller='restaurants'*/[0m
Started GET "/api/v1/config/maps_key" for ::1 at 2025-11-09 19:39:08 +0000
  ↳ app/controllers/api/v1/restaurants_controller.rb:9:in 'Api::V1::RestaurantsController#index'
Completed 200 OK in 3ms (Views: 2.3ms | ActiveRecord: 0.4ms (1 query, 0 cached) | GC: 0.0ms)


Processing by Api::V1::ConfigController#maps_key as HTML
Completed 200 OK in 0ms (Views: 0.0ms | ActiveRecord: 0.0ms (0 queries, 0 cached) | GC: 0.0ms)


Started GET "/api/v1/restaurants" for ::1 at 2025-11-09 19:39:52 +0000
Processing by Api::V1::RestaurantsController#index as HTML
  [1m[36mRestaurant Load (0.4ms)[0m  [1m[34mSELECT "restaurants".* FROM "restaurants" /*action='index',application='Backend',controller='restaurants'*/[0m
  ↳ app/controllers/api/v1/restaurants_controller.rb:9:in 'Api::V1::RestaurantsController#index'
Completed 200 OK in 2ms (Views: 1.5ms | ActiveRecord: 0.4ms (1 query, 0 cached) | GC: 0.0ms)


Started GET "/api/v1/restaurants" for ::1 at 2025-11-09 19:40:37 +0000
Started GET "/api/v1/config/maps_key" for ::1 at 2025-11-09 19:40:37 +0000
Processing by Api::V1::RestaurantsController#index as HTML
Processing by Api::V1::ConfigController#maps_key as HTML
  [1m[36mRestaurant Load (0.7ms)[0m  [1m[34mSELECT "restaurants".* FROM "restaurants" /*action='index',application='Backend',controller='restaurants'*/[0m
Completed 200 OK in 0ms (Views: 0.1ms | ActiveRecord: 0.0ms (0 queries, 0 cached) | GC: 0.0ms)


  ↳ app/controllers/api/v1/restaurants_controller.rb:9:in 'Api::V1::RestaurantsController#index'
Completed 200 OK in 4ms (Views: 3.0ms | ActiveRecord: 0.7ms (1 query, 0 cached) | GC: 0.0ms)


Started GET "/api/v1/config/maps_key" for ::1 at 2025-11-09 19:40:37 +0000
Started GET "/api/v1/restaurants" for ::1 at 2025-11-09 19:40:37 +0000
Processing by Api::V1::ConfigController#maps_key as HTML
Completed 200 OK in 0ms (Views: 0.1ms | ActiveRecord: 0.0ms (0 queries, 0 cached) | GC: 0.0ms)


Processing by Api::V1::RestaurantsController#index as HTML
  [1m[36mRestaurant Load (0.3ms)[0m  [1m[34mSELECT "restaurants".* FROM "restaurants" /*action='index',application='Backend',controller='restaurants'*/[0m
  ↳ app/controllers/api/v1/restaurants_controller.rb:9:in 'Api::V1::RestaurantsController#index'
Completed 200 OK in 2ms (Views: 1.9ms | ActiveRecord: 0.3ms (1 query, 0 cached) | GC: 0.0ms)


Started GET "/api/v1/restaurants" for ::1 at 2025-11-09 19:41:50 +0000
Started GET "/api/v1/config/maps_key" for ::1 at 2025-11-09 19:41:50 +0000
  [1m[36mActiveRecord::SchemaMigration Load (0.3ms)[0m  [1m[34mSELECT "schema_migrations"."version" FROM "schema_migrations" ORDER BY "schema_migrations"."version" ASC /*application='Backend'*/[0m
  
ActionController::RoutingError (No route matches [GET] "/api/v1/restaurants"):
  
Processing by Api::V1::ConfigController#maps_key as HTML
Completed 200 OK in 3ms (Views: 0.1ms | ActiveRecord: 0.0ms (0 queries, 0 cached) | GC: 0.0ms)


Started GET "/api/v1/config/maps_key" for ::1 at 2025-11-09 19:41:50 +0000
Processing by Api::V1::ConfigController#maps_key as HTML
Completed 200 OK in 0ms (Views: 0.1ms | ActiveRecord: 0.0ms (0 queries, 0 cached) | GC: 0.0ms)


Started GET "/api/v1/restaurants" for ::1 at 2025-11-09 19:41:50 +0000
Processing by Api::V1::RestaurantsController#index as HTML
  [1m[36mRestaurant Load (8.1ms)[0m  [1m[34mSELECT "restaurants".* FROM "restaurants" /*action='index',application='Backend',controller='restaurants'*/[0m
  ↳ app/controllers/api/v1/restaurants_controller.rb:9:in 'Api::V1::RestaurantsController#index'
Completed 200 OK in 30ms (Views: 4.3ms | ActiveRecord: 13.7ms (1 query, 0 cached) | GC: 0.0ms)


Started GET "/api/v1/restaurants" for ::1 at 2025-11-09 19:43:47 +0000
Started GET "/api/v1/config/maps_key" for ::1 at 2025-11-09 19:43:47 +0000
Processing by Api::V1::RestaurantsController#index as HTML
Processing by Api::V1::ConfigController#maps_key as HTML
  [1m[36mRestaurant Load (0.4ms)[0m  [1m[34mSELECT "restaurants".* FROM "restaurants" /*action='index',application='Backend',controller='restaurants'*/[0m
Completed 200 OK in 0ms (Views: 0.1ms | ActiveRecord: 0.0ms (0 queries, 0 cached) | GC: 0.0ms)


  ↳ app/controllers/api/v1/restaurants_controller.rb:9:in 'Api::V1::RestaurantsController#index'
Completed 200 OK in 3ms (Views: 2.5ms | ActiveRecord: 0.4ms (1 query, 0 cached) | GC: 0.0ms)


Started GET "/api/v1/config/maps_key" for ::1 at 2025-11-09 19:43:47 +0000
Started GET "/api/v1/restaurants" for ::1 at 2025-11-09 19:43:47 +0000
Processing by Api::V1::RestaurantsController#index as HTML
Processing by Api::V1::ConfigController#maps_key as HTML
Completed 200 OK in 0ms (Views: 0.1ms | ActiveRecord: 0.0ms (0 queries, 0 cached) | GC: 0.0ms)


  [1m[36mRestaurant Load (0.8ms)[0m  [1m[34mSELECT "restaurants".* FROM "restaurants" /*action='index',application='Backend',controller='restaurants'*/[0m
  ↳ app/controllers/api/v1/restaurants_controller.rb:9:in 'Api::V1::RestaurantsController#index'
Completed 200 OK in 3ms (Views: 2.5ms | ActiveRecord: 0.8ms (1 query, 0 cached) | GC: 0.0ms)


Started GET "/api/v1/restaurants" for ::1 at 2025-11-09 19:43:52 +0000
Processing by Api::V1::RestaurantsController#index as HTML
  [1m[36mRestaurant Load (0.3ms)[0m  [1m[34mSELECT "restaurants".* FROM "restaurants" /*action='index',application='Backend',controller='restaurants'*/[0m
  ↳ app/controllers/api/v1/restaurants_controller.rb:9:in 'Api::V1::RestaurantsController#index'
Completed 200 OK in 2ms (Views: 1.4ms | ActiveRecord: 0.3ms (1 query, 0 cached) | GC: 0.0ms)


Started GET "/api/v1/restaurants" for ::1 at 2025-11-09 19:46:12 +0000
Processing by Api::V1::RestaurantsController#index as HTML
  [1m[36mRestaurant Load (0.3ms)[0m  [1m[34mSELECT "restaurants".* FROM "restaurants" /*action='index',application='Backend',controller='restaurants'*/[0m
  ↳ app/controllers/api/v1/restaurants_controller.rb:9:in 'Api::V1::RestaurantsController#index'
Completed 200 OK in 2ms (Views: 1.5ms | ActiveRecord: 0.3ms (1 query, 0 cached) | GC: 0.0ms)


Started GET "/api/v1/restaurants" for ::1 at 2025-11-09 19:46:25 +0000
Processing by Api::V1::RestaurantsController#index as HTML
  [1m[36mRestaurant Load (0.3ms)[0m  [1m[34mSELECT "restaurants".* FROM "restaurants" /*action='index',application='Backend',controller='restaurants'*/[0m
  ↳ app/controllers/api/v1/restaurants_controller.rb:9:in 'Api::V1::RestaurantsController#index'
Completed 200 OK in 2ms (Views: 1.5ms | ActiveRecord: 0.3ms (1 query, 0 cached) | GC: 0.0ms)


Started GET "/api/v1/restaurants" for ::1 at 2025-11-09 19:46:59 +0000
Processing by Api::V1::RestaurantsController#index as HTML
  [1m[36mRestaurant Load (0.3ms)[0m  [1m[34mSELECT "restaurants".* FROM "restaurants" /*action='index',application='Backend',controller='restaurants'*/[0m
  ↳ app/controllers/api/v1/restaurants_controller.rb:9:in 'Api::V1::RestaurantsController#index'
Completed 200 OK in 2ms (Views: 1.5ms | ActiveRecord: 0.3ms (1 query, 0 cached) | GC: 0.0ms)


Started GET "/api/v1/restaurants" for ::1 at 2025-11-09 19:47:30 +0000
Processing by Api::V1::RestaurantsController#index as HTML
  [1m[36mRestaurant Load (0.3ms)[0m  [1m[34mSELECT "restaurants".* FROM "restaurants" /*action='index',application='Backend',controller='restaurants'*/[0m
  ↳ app/controllers/api/v1/restaurants_controller.rb:9:in 'Api::V1::RestaurantsController#index'
Completed 200 OK in 2ms (Views: 1.4ms | ActiveRecord: 0.3ms (1 query, 0 cached) | GC: 0.0ms)


Started GET "/api/v1/restaurants" for ::1 at 2025-11-09 19:47:51 +0000
Processing by Api::V1::RestaurantsController#index as HTML
  [1m[36mRestaurant Load (0.3ms)[0m  [1m[34mSELECT "restaurants".* FROM "restaurants" /*action='index',application='Backend',controller='restaurants'*/[0m
  ↳ app/controllers/api/v1/restaurants_controller.rb:9:in 'Api::V1::RestaurantsController#index'
Completed 200 OK in 2ms (Views: 1.4ms | ActiveRecord: 0.3ms (1 query, 0 cached) | GC: 0.0ms)


Started GET "/api/v1/restaurants" for ::1 at 2025-11-09 19:48:10 +0000
Processing by Api::V1::RestaurantsController#index as HTML
  [1m[36mRestaurant Load (0.3ms)[0m  [1m[34mSELECT "restaurants".* FROM "restaurants" /*action='index',application='Backend',controller='restaurants'*/[0m
  ↳ app/controllers/api/v1/restaurants_controller.rb:9:in 'Api::V1::RestaurantsController#index'
Completed 200 OK in 2ms (Views: 1.6ms | ActiveRecord: 0.3ms (1 query, 0 cached) | GC: 0.0ms)


Started GET "/api/v1/restaurants" for ::1 at 2025-11-09 19:48:15 +0000
Processing by Api::V1::RestaurantsController#index as HTML
  [1m[36mRestaurant Load (0.3ms)[0m  [1m[34mSELECT "restaurants".* FROM "restaurants" /*action='index',application='Backend',controller='restaurants'*/[0m
  ↳ app/controllers/api/v1/restaurants_controller.rb:9:in 'Api::V1::RestaurantsController#index'
Completed 200 OK in 2ms (Views: 1.5ms | ActiveRecord: 0.3ms (1 query, 0 cached) | GC: 0.0ms)


Started GET "/api/v1/restaurants" for ::1 at 2025-11-09 19:52:21 +0000
Started GET "/api/v1/config/maps_key" for ::1 at 2025-11-09 19:52:21 +0000
Processing by Api::V1::RestaurantsController#index as HTML
Processing by Api::V1::ConfigController#maps_key as HTML
  [1m[36mRestaurant Load (0.4ms)[0m  [1m[34mSELECT "restaurants".* FROM "restaurants" /*action='index',application='Backend',controller='restaurants'*/[0m
Completed 200 OK in 0ms (Views: 0.1ms | ActiveRecord: 0.0ms (0 queries, 0 cached) | GC: 0.0ms)


  ↳ app/controllers/api/v1/restaurants_controller.rb:9:in 'Api::V1::RestaurantsController#index'
Completed 200 OK in 3ms (Views: 2.6ms | ActiveRecord: 0.4ms (1 query, 0 cached) | GC: 0.0ms)


Started GET "/api/v1/config/maps_key" for ::1 at 2025-11-09 19:52:21 +0000
Started GET "/api/v1/restaurants" for ::1 at 2025-11-09 19:52:21 +0000
Processing by Api::V1::ConfigController#maps_key as HTML
Completed 200 OK in 0ms (Views: 0.0ms | ActiveRecord: 0.0ms (0 queries, 0 cached) | GC: 0.0ms)


Processing by Api::V1::RestaurantsController#index as HTML
  [1m[36mRestaurant Load (0.2ms)[0m  [1m[34mSELECT "restaurants".* FROM "restaurants" /*action='index',application='Backend',controller='restaurants'*/[0m
  ↳ app/controllers/api/v1/restaurants_controller.rb:9:in 'Api::V1::RestaurantsController#index'
Completed 200 OK in 2ms (Views: 1.4ms | ActiveRecord: 0.2ms (1 query, 0 cached) | GC: 0.0ms)


Started GET "/api/v1/restaurants" for ::1 at 2025-11-09 19:52:27 +0000
Started GET "/api/v1/config/maps_key" for ::1 at 2025-11-09 19:52:27 +0000
Processing by Api::V1::ConfigController#maps_key as HTML
Completed 200 OK in 0ms (Views: 0.2ms | ActiveRecord: 0.0ms (0 queries, 0 cached) | GC: 0.0ms)


Processing by Api::V1::RestaurantsController#index as HTML
  [1m[36mRestaurant Load (0.7ms)[0m  [1m[34mSELECT "restaurants".* FROM "restaurants" /*action='index',application='Backend',controller='restaurants'*/[0m
Started GET "/api/v1/config/maps_key" for ::1 at 2025-11-09 19:52:27 +0000
  ↳ app/controllers/api/v1/restaurants_controller.rb:9:in 'Api::V1::RestaurantsController#index'
Completed 200 OK in 3ms (Views: 2.1ms | ActiveRecord: 0.7ms (1 query, 0 cached) | GC: 0.0ms)


Started GET "/api/v1/restaurants" for ::1 at 2025-11-09 19:52:27 +0000
Processing by Api::V1::ConfigController#maps_key as HTML
Completed 200 OK in 0ms (Views: 0.1ms | ActiveRecord: 0.0ms (0 queries, 0 cached) | GC: 0.0ms)


Processing by Api::V1::RestaurantsController#index as HTML
  [1m[36mRestaurant Load (0.3ms)[0m  [1m[34mSELECT "restaurants".* FROM "restaurants" /*action='index',application='Backend',controller='restaurants'*/[0m
  ↳ app/controllers/api/v1/restaurants_controller.rb:9:in 'Api::V1::RestaurantsController#index'
Completed 200 OK in 2ms (Views: 1.6ms | ActiveRecord: 0.3ms (1 query, 0 cached) | GC: 0.0ms)


Started GET "/api/v1/restaurants" for ::1 at 2025-11-10 00:08:22 +0000
Started GET "/api/v1/config/maps_key" for ::1 at 2025-11-10 00:08:22 +0000
  [1m[36mActiveRecord::SchemaMigration Load (1.5ms)[0m  [1m[34mSELECT "schema_migrations"."version" FROM "schema_migrations" ORDER BY "schema_migrations"."version" ASC /*application='Backend'*/[0m
  
ActionController::RoutingError (No route matches [GET] "/api/v1/restaurants"):
  
Processing by Api::V1::ConfigController#maps_key as HTML
Completed 200 OK in 5ms (Views: 0.2ms | ActiveRecord: 0.0ms (0 queries, 0 cached) | GC: 0.0ms)


Started GET "/api/v1/config/maps_key" for ::1 at 2025-11-10 00:08:22 +0000
Processing by Api::V1::ConfigController#maps_key as HTML
Completed 200 OK in 0ms (Views: 0.1ms | ActiveRecord: 0.0ms (0 queries, 0 cached) | GC: 0.0ms)


Started GET "/api/v1/restaurants" for ::1 at 2025-11-10 00:08:22 +0000
Processing by Api::V1::RestaurantsController#index as HTML
  [1m[36mRestaurant Load (9.7ms)[0m  [1m[34mSELECT "restaurants".* FROM "restaurants" /*action='index',application='Backend',controller='restaurants'*/[0m
  ↳ app/controllers/api/v1/restaurants_controller.rb:9:in 'Api::V1::RestaurantsController#index'
Completed 200 OK in 43ms (Views: 3.7ms | ActiveRecord: 26.0ms (1 query, 0 cached) | GC: 0.0ms)


Started GET "/api/v1/restaurants" for ::1 at 2025-11-10 00:08:25 +0000
Started GET "/api/v1/config/maps_key" for ::1 at 2025-11-10 00:08:25 +0000
Processing by Api::V1::RestaurantsController#index as HTML
Processing by Api::V1::ConfigController#maps_key as HTML
  [1m[36mRestaurant Load (0.4ms)[0m  [1m[34mSELECT "restaurants".* FROM "restaurants" /*action='index',application='Backend',controller='restaurants'*/[0m
Completed 200 OK in 0ms (Views: 0.0ms | ActiveRecord: 0.0ms (0 queries, 0 cached) | GC: 0.0ms)


  ↳ app/controllers/api/v1/restaurants_controller.rb:9:in 'Api::V1::RestaurantsController#index'
Completed 200 OK in 3ms (Views: 2.4ms | ActiveRecord: 0.4ms (1 query, 0 cached) | GC: 0.0ms)


Started GET "/api/v1/config/maps_key" for ::1 at 2025-11-10 00:08:25 +0000
Started GET "/api/v1/restaurants" for ::1 at 2025-11-10 00:08:25 +0000
Processing by Api::V1::ConfigController#maps_key as HTML
Completed 200 OK in 0ms (Views: 0.1ms | ActiveRecord: 0.0ms (0 queries, 0 cached) | GC: 0.0ms)


Processing by Api::V1::RestaurantsController#index as HTML
  [1m[36mRestaurant Load (0.3ms)[0m  [1m[34mSELECT "restaurants".* FROM "restaurants" /*action='index',application='Backend',controller='restaurants'*/[0m
  ↳ app/controllers/api/v1/restaurants_controller.rb:9:in 'Api::V1::RestaurantsController#index'
Completed 200 OK in 2ms (Views: 1.7ms | ActiveRecord: 0.3ms (1 query, 0 cached) | GC: 0.0ms)


Started GET "/api/v1/restaurants" for ::1 at 2025-11-10 00:08:52 +0000
Processing by Api::V1::RestaurantsController#index as HTML
  [1m[36mRestaurant Load (0.3ms)[0m  [1m[34mSELECT "restaurants".* FROM "restaurants" /*action='index',application='Backend',controller='restaurants'*/[0m
  ↳ app/controllers/api/v1/restaurants_controller.rb:9:in 'Api::V1::RestaurantsController#index'
Completed 200 OK in 2ms (Views: 1.4ms | ActiveRecord: 0.3ms (1 query, 0 cached) | GC: 0.0ms)


Started GET "/api/v1/restaurants" for ::1 at 2025-11-10 00:09:31 +0000
Processing by Api::V1::RestaurantsController#index as HTML
  [1m[36mRestaurant Load (0.3ms)[0m  [1m[34mSELECT "restaurants".* FROM "restaurants" /*action='index',application='Backend',controller='restaurants'*/[0m
  ↳ app/controllers/api/v1/restaurants_controller.rb:9:in 'Api::V1::RestaurantsController#index'
Completed 200 OK in 2ms (Views: 1.4ms | ActiveRecord: 0.3ms (1 query, 0 cached) | GC: 0.0ms)


Started GET "/api/v1/restaurants" for ::1 at 2025-11-10 00:09:51 +0000
Processing by Api::V1::RestaurantsController#index as HTML
  [1m[36mRestaurant Load (0.3ms)[0m  [1m[34mSELECT "restaurants".* FROM "restaurants" /*action='index',application='Backend',controller='restaurants'*/[0m
  ↳ app/controllers/api/v1/restaurants_controller.rb:9:in 'Api::V1::RestaurantsController#index'
Completed 200 OK in 2ms (Views: 1.7ms | ActiveRecord: 0.3ms (1 query, 0 cached) | GC: 0.0ms)


Started GET "/api/v1/restaurants" for ::1 at 2025-11-10 00:15:35 +0000
Started GET "/api/v1/config/maps_key" for ::1 at 2025-11-10 00:15:35 +0000
Processing by Api::V1::ConfigController#maps_key as HTML
Completed 200 OK in 0ms (Views: 0.1ms | ActiveRecord: 0.0ms (0 queries, 0 cached) | GC: 0.0ms)


Processing by Api::V1::RestaurantsController#index as HTML
Started GET "/api/v1/config/maps_key" for ::1 at 2025-11-10 00:15:35 +0000
Processing by Api::V1::ConfigController#maps_key as HTML
Completed 200 OK in 0ms (Views: 0.1ms | ActiveRecord: 0.0ms (0 queries, 0 cached) | GC: 0.0ms)


  [1m[36mRestaurant Load (7.3ms)[0m  [1m[34mSELECT "restaurants".* FROM "restaurants" /*action='index',application='Backend',controller='restaurants'*/[0m
  ↳ app/controllers/api/v1/restaurants_controller.rb:9:in 'Api::V1::RestaurantsController#index'
Completed 200 OK in 10ms (Views: -1.1ms | ActiveRecord: 10.5ms (1 query, 0 cached) | GC: 0.0ms)


Started GET "/api/v1/restaurants" for ::1 at 2025-11-10 00:15:35 +0000
Processing by Api::V1::RestaurantsController#index as HTML
  [1m[36mRestaurant Load (0.3ms)[0m  [1m[34mSELECT "restaurants".* FROM "restaurants" /*action='index',application='Backend',controller='restaurants'*/[0m
  ↳ app/controllers/api/v1/restaurants_controller.rb:9:in 'Api::V1::RestaurantsController#index'
Completed 200 OK in 2ms (Views: 1.9ms | ActiveRecord: 0.3ms (1 query, 0 cached) | GC: 0.0ms)


Started GET "/api/v1/restaurants" for ::1 at 2025-11-10 00:16:22 +0000
Processing by Api::V1::RestaurantsController#index as HTML
  [1m[36mRestaurant Load (0.3ms)[0m  [1m[34mSELECT "restaurants".* FROM "restaurants" /*action='index',application='Backend',controller='restaurants'*/[0m
  ↳ app/controllers/api/v1/restaurants_controller.rb:9:in 'Api::V1::RestaurantsController#index'
Completed 200 OK in 2ms (Views: 1.5ms | ActiveRecord: 0.3ms (1 query, 0 cached) | GC: 0.0ms)


Started GET "/api/v1/restaurants" for ::1 at 2025-11-10 00:16:43 +0000
Processing by Api::V1::RestaurantsController#index as HTML
  [1m[36mRestaurant Load (0.3ms)[0m  [1m[34mSELECT "restaurants".* FROM "restaurants" /*action='index',application='Backend',controller='restaurants'*/[0m
  ↳ app/controllers/api/v1/restaurants_controller.rb:9:in 'Api::V1::RestaurantsController#index'
Completed 200 OK in 2ms (Views: 1.4ms | ActiveRecord: 0.3ms (1 query, 0 cached) | GC: 0.0ms)


Started POST "/api/v1/restaurants" for ::1 at 2025-11-10 00:17:14 +0000
Processing by Api::V1::RestaurantsController#create as HTML
  Parameters: {"restaurant" => {"name" => "my love", "cuisine" => "ragu", "address" => "48 Talbot Street", "website" => "", "user_added" => true}}
  [1m[36mTRANSACTION (0.2ms)[0m  [1m[35mBEGIN /*action='create',application='Backend',controller='restaurants'*/[0m
  ↳ app/controllers/api/v1/restaurants_controller.rb:21:in 'Api::V1::RestaurantsController#create'
  [1m[36mRestaurant Create (7.1ms)[0m  [1m[32mINSERT INTO "restaurants" ("name", "cuisine", "address", "website", "latitude", "longitude", "user_added", "created_at", "updated_at") VALUES ('my love', 'ragu', '48 Talbot Street', '', -37.7656244, 144.9563814, TRUE, '2025-11-10 00:17:15.495632', '2025-11-10 00:17:15.495632') RETURNING "id" /*action='create',application='Backend',controller='restaurants'*/[0m
  ↳ app/controllers/api/v1/restaurants_controller.rb:21:in 'Api::V1::RestaurantsController#create'
  [1m[36mTRANSACTION (2.8ms)[0m  [1m[35mCOMMIT /*action='create',application='Backend',controller='restaurants'*/[0m
  ↳ app/controllers/api/v1/restaurants_controller.rb:21:in 'Api::V1::RestaurantsController#create'
Completed 201 Created in 550ms (Views: 0.2ms | ActiveRecord: 10.0ms (1 query, 0 cached) | GC: 0.0ms)


Started GET "/api/v1/restaurants" for ::1 at 2025-11-10 00:17:15 +0000
Processing by Api::V1::RestaurantsController#index as HTML
  [1m[36mRestaurant Load (0.2ms)[0m  [1m[34mSELECT "restaurants".* FROM "restaurants" /*action='index',application='Backend',controller='restaurants'*/[0m
  ↳ app/controllers/api/v1/restaurants_controller.rb:9:in 'Api::V1::RestaurantsController#index'
Completed 200 OK in 2ms (Views: 1.4ms | ActiveRecord: 0.2ms (1 query, 0 cached) | GC: 0.0ms)


Started GET "/api/v1/restaurants" for ::1 at 2025-11-10 00:17:23 +0000
Started GET "/api/v1/config/maps_key" for ::1 at 2025-11-10 00:17:23 +0000
Processing by Api::V1::RestaurantsController#index as HTML
Processing by Api::V1::ConfigController#maps_key as HTML
  [1m[36mRestaurant Load (0.5ms)[0m  [1m[34mSELECT "restaurants".* FROM "restaurants" /*action='index',application='Backend',controller='restaurants'*/[0m
Completed 200 OK in 0ms (Views: 0.1ms | ActiveRecord: 0.0ms (0 queries, 0 cached) | GC: 0.0ms)


  ↳ app/controllers/api/v1/restaurants_controller.rb:9:in 'Api::V1::RestaurantsController#index'
Completed 200 OK in 3ms (Views: 2.6ms | ActiveRecord: 0.5ms (1 query, 0 cached) | GC: 0.0ms)


Started GET "/api/v1/config/maps_key" for ::1 at 2025-11-10 00:17:23 +0000
Started GET "/api/v1/restaurants" for ::1 at 2025-11-10 00:17:23 +0000
Processing by Api::V1::ConfigController#maps_key as HTML
Completed 200 OK in 0ms (Views: 0.1ms | ActiveRecord: 0.0ms (0 queries, 0 cached) | GC: 0.0ms)


Processing by Api::V1::RestaurantsController#index as HTML
  [1m[36mRestaurant Load (0.3ms)[0m  [1m[34mSELECT "restaurants".* FROM "restaurants" /*action='index',application='Backend',controller='restaurants'*/[0m
  ↳ app/controllers/api/v1/restaurants_controller.rb:9:in 'Api::V1::RestaurantsController#index'
Completed 200 OK in 3ms (Views: 2.3ms | ActiveRecord: 0.3ms (1 query, 0 cached) | GC: 0.0ms)


Started DELETE "/api/v1/restaurants/12" for ::1 at 2025-11-10 00:18:09 +0000
Processing by Api::V1::RestaurantsController#destroy as HTML
  Parameters: {"id" => "12"}
  [1m[36mRestaurant Load (0.4ms)[0m  [1m[34mSELECT "restaurants".* FROM "restaurants" WHERE "restaurants"."id" = 12 LIMIT 1 /*action='destroy',application='Backend',controller='restaurants'*/[0m
  ↳ app/controllers/api/v1/restaurants_controller.rb:72:in 'Api::V1::RestaurantsController#set_restaurant'
  [1m[36mTRANSACTION (0.1ms)[0m  [1m[35mBEGIN /*action='destroy',application='Backend',controller='restaurants'*/[0m
  ↳ app/controllers/api/v1/restaurants_controller.rb:39:in 'Api::V1::RestaurantsController#destroy'
  [1m[36mRestaurant Destroy (2.2ms)[0m  [1m[31mDELETE FROM "restaurants" WHERE "restaurants"."id" = 12 /*action='destroy',application='Backend',controller='restaurants'*/[0m
  ↳ app/controllers/api/v1/restaurants_controller.rb:39:in 'Api::V1::RestaurantsController#destroy'
  [1m[36mTRANSACTION (2.6ms)[0m  [1m[35mCOMMIT /*action='destroy',application='Backend',controller='restaurants'*/[0m
  ↳ app/controllers/api/v1/restaurants_controller.rb:39:in 'Api::V1::RestaurantsController#destroy'
Completed 204 No Content in 17ms (ActiveRecord: 5.3ms (2 queries, 0 cached) | GC: 0.0ms)


Started GET "/api/v1/restaurants" for ::1 at 2025-11-10 00:18:09 +0000
Processing by Api::V1::RestaurantsController#index as HTML
  [1m[36mRestaurant Load (0.2ms)[0m  [1m[34mSELECT "restaurants".* FROM "restaurants" /*action='index',application='Backend',controller='restaurants'*/[0m
  ↳ app/controllers/api/v1/restaurants_controller.rb:9:in 'Api::V1::RestaurantsController#index'
Completed 200 OK in 2ms (Views: 1.3ms | ActiveRecord: 0.2ms (1 query, 0 cached) | GC: 0.0ms)


Started GET "/api/v1/restaurants" for ::1 at 2025-11-10 00:19:51 +0000
Started GET "/api/v1/config/maps_key" for ::1 at 2025-11-10 00:19:51 +0000
Processing by Api::V1::RestaurantsController#index as HTML
Processing by Api::V1::ConfigController#maps_key as HTML
  [1m[36mRestaurant Load (0.7ms)[0m  [1m[34mSELECT "restaurants".* FROM "restaurants" /*action='index',application='Backend',controller='restaurants'*/[0m
Completed 200 OK in 0ms (Views: 0.1ms | ActiveRecord: 0.0ms (0 queries, 0 cached) | GC: 0.0ms)


  ↳ app/controllers/api/v1/restaurants_controller.rb:9:in 'Api::V1::RestaurantsController#index'
Completed 200 OK in 4ms (Views: 3.3ms | ActiveRecord: 0.7ms (1 query, 0 cached) | GC: 0.0ms)


Started GET "/api/v1/config/maps_key" for ::1 at 2025-11-10 00:19:51 +0000
Started GET "/api/v1/restaurants" for ::1 at 2025-11-10 00:19:51 +0000
Processing by Api::V1::RestaurantsController#index as HTML
Processing by Api::V1::ConfigController#maps_key as HTML
Completed 200 OK in 0ms (Views: 0.1ms | ActiveRecord: 0.0ms (0 queries, 0 cached) | GC: 0.0ms)


  [1m[36mRestaurant Load (0.8ms)[0m  [1m[34mSELECT "restaurants".* FROM "restaurants" /*action='index',application='Backend',controller='restaurants'*/[0m
  ↳ app/controllers/api/v1/restaurants_controller.rb:9:in 'Api::V1::RestaurantsController#index'
Completed 200 OK in 3ms (Views: 2.0ms | ActiveRecord: 0.8ms (1 query, 0 cached) | GC: 0.0ms)


Started GET "/api/v1/restaurants" for ::1 at 2025-11-10 00:21:03 +0000
Started GET "/api/v1/config/maps_key" for ::1 at 2025-11-10 00:21:03 +0000
Processing by Api::V1::ConfigController#maps_key as HTML
Completed 200 OK in 0ms (Views: 0.1ms | ActiveRecord: 0.0ms (0 queries, 0 cached) | GC: 0.0ms)


Started GET "/api/v1/config/maps_key" for ::1 at 2025-11-10 00:21:03 +0000
Processing by Api::V1::RestaurantsController#index as HTML
  [1m[36mRestaurant Load (0.5ms)[0m  [1m[34mSELECT "restaurants".* FROM "restaurants" /*action='index',application='Backend',controller='restaurants'*/[0m
  ↳ app/controllers/api/v1/restaurants_controller.rb:9:in 'Api::V1::RestaurantsController#index'
Completed 200 OK in 2ms (Views: 1.7ms | ActiveRecord: 0.5ms (1 query, 0 cached) | GC: 0.0ms)


Processing by Api::V1::ConfigController#maps_key as HTML
Completed 200 OK in 0ms (Views: 0.1ms | ActiveRecord: 0.0ms (0 queries, 0 cached) | GC: 0.0ms)


Started GET "/api/v1/restaurants" for ::1 at 2025-11-10 00:21:03 +0000
Processing by Api::V1::RestaurantsController#index as HTML
  [1m[36mRestaurant Load (0.3ms)[0m  [1m[34mSELECT "restaurants".* FROM "restaurants" /*action='index',application='Backend',controller='restaurants'*/[0m
  ↳ app/controllers/api/v1/restaurants_controller.rb:9:in 'Api::V1::RestaurantsController#index'
Completed 200 OK in 2ms (Views: 1.8ms | ActiveRecord: 0.3ms (1 query, 0 cached) | GC: 0.0ms)


Started GET "/api/v1/restaurants" for ::1 at 2025-11-10 00:21:06 +0000
Processing by Api::V1::RestaurantsController#index as HTML
  [1m[36mRestaurant Load (0.3ms)[0m  [1m[34mSELECT "restaurants".* FROM "restaurants" /*action='index',application='Backend',controller='restaurants'*/[0m
  ↳ app/controllers/api/v1/restaurants_controller.rb:9:in 'Api::V1::RestaurantsController#index'
Completed 200 OK in 2ms (Views: 1.4ms | ActiveRecord: 0.3ms (1 query, 0 cached) | GC: 0.0ms)


Started GET "/api/v1/restaurants" for ::1 at 2025-11-10 00:21:13 +0000
Processing by Api::V1::RestaurantsController#index as HTML
  [1m[36mRestaurant Load (0.3ms)[0m  [1m[34mSELECT "restaurants".* FROM "restaurants" /*action='index',application='Backend',controller='restaurants'*/[0m
  ↳ app/controllers/api/v1/restaurants_controller.rb:9:in 'Api::V1::RestaurantsController#index'
Completed 200 OK in 2ms (Views: 1.7ms | ActiveRecord: 0.3ms (1 query, 0 cached) | GC: 0.0ms)


Started POST "/api/v1/restaurants" for ::1 at 2025-11-10 00:21:34 +0000
Processing by Api::V1::RestaurantsController#create as HTML
  Parameters: {"restaurant" => {"name" => "Loaf'd", "cuisine" => "Restaurant", "address" => "The Plaza, Main St, Townparks, Swords, Co. Dublin, K67 AX62, Ireland", "website" => "https://loafd.ie/", "latitude" => 53.4568084, "longitude" => -6.2206494, "user_added" => false}}
  [1m[36mTRANSACTION (0.2ms)[0m  [1m[35mBEGIN /*action='create',application='Backend',controller='restaurants'*/[0m
  ↳ app/controllers/api/v1/restaurants_controller.rb:21:in 'Api::V1::RestaurantsController#create'
  [1m[36mRestaurant Create (1.2ms)[0m  [1m[32mINSERT INTO "restaurants" ("name", "cuisine", "address", "website", "latitude", "longitude", "user_added", "created_at", "updated_at") VALUES ('Loaf''d', 'Restaurant', 'The Plaza, Main St, Townparks, Swords, Co. Dublin, K67 AX62, Ireland', 'https://loafd.ie/', 53.4568084, -6.2206494, FALSE, '2025-11-10 00:21:34.427760', '2025-11-10 00:21:34.427760') RETURNING "id" /*action='create',application='Backend',controller='restaurants'*/[0m
  ↳ app/controllers/api/v1/restaurants_controller.rb:21:in 'Api::V1::RestaurantsController#create'
  [1m[36mTRANSACTION (3.7ms)[0m  [1m[35mCOMMIT /*action='create',application='Backend',controller='restaurants'*/[0m
  ↳ app/controllers/api/v1/restaurants_controller.rb:21:in 'Api::V1::RestaurantsController#create'
Completed 201 Created in 227ms (Views: 0.2ms | ActiveRecord: 5.0ms (1 query, 0 cached) | GC: 0.0ms)


Started GET "/api/v1/restaurants" for ::1 at 2025-11-10 00:21:34 +0000
Processing by Api::V1::RestaurantsController#index as HTML
  [1m[36mRestaurant Load (0.3ms)[0m  [1m[34mSELECT "restaurants".* FROM "restaurants" /*action='index',application='Backend',controller='restaurants'*/[0m
  ↳ app/controllers/api/v1/restaurants_controller.rb:9:in 'Api::V1::RestaurantsController#index'
Completed 200 OK in 3ms (Views: 2.6ms | ActiveRecord: 0.3ms (1 query, 0 cached) | GC: 0.9ms)


Started GET "/api/v1/config/maps_key" for ::1 at 2025-11-11 16:04:31 +0000
Started GET "/api/v1/restaurants" for ::1 at 2025-11-11 16:04:31 +0000
  [1m[36mActiveRecord::SchemaMigration Load (1.6ms)[0m  [1m[34mSELECT "schema_migrations"."version" FROM "schema_migrations" ORDER BY "schema_migrations"."version" ASC /*application='Backend'*/[0m
  
ActionController::RoutingError (No route matches [GET] "/api/v1/restaurants"):
  
Processing by Api::V1::ConfigController#maps_key as HTML
Completed 200 OK in 4ms (Views: 0.1ms | ActiveRecord: 0.0ms (0 queries, 0 cached) | GC: 0.0ms)


Started GET "/api/v1/config/maps_key" for ::1 at 2025-11-11 16:04:31 +0000
Processing by Api::V1::ConfigController#maps_key as HTML
Completed 200 OK in 0ms (Views: 0.2ms | ActiveRecord: 0.0ms (0 queries, 0 cached) | GC: 0.0ms)


Started GET "/api/v1/restaurants" for ::1 at 2025-11-11 16:04:31 +0000
Processing by Api::V1::RestaurantsController#index as HTML
  [1m[36mRestaurant Load (8.9ms)[0m  [1m[34mSELECT "restaurants".* FROM "restaurants" /*action='index',application='Backend',controller='restaurants'*/[0m
  ↳ app/controllers/api/v1/restaurants_controller.rb:9:in 'Api::V1::RestaurantsController#index'
Completed 200 OK in 47ms (Views: 4.2ms | ActiveRecord: 31.1ms (1 query, 0 cached) | GC: 0.0ms)


Started GET "/api/v1/restaurants" for ::1 at 2025-11-11 16:04:35 +0000
Started GET "/api/v1/config/maps_key" for ::1 at 2025-11-11 16:04:35 +0000
Processing by Api::V1::RestaurantsController#index as HTML
Processing by Api::V1::ConfigController#maps_key as HTML
  [1m[36mRestaurant Load (0.5ms)[0m  [1m[34mSELECT "restaurants".* FROM "restaurants" /*action='index',application='Backend',controller='restaurants'*/[0m
Completed 200 OK in 0ms (Views: 0.1ms | ActiveRecord: 0.0ms (0 queries, 0 cached) | GC: 0.0ms)


  ↳ app/controllers/api/v1/restaurants_controller.rb:9:in 'Api::V1::RestaurantsController#index'
Completed 200 OK in 4ms (Views: 3.1ms | ActiveRecord: 0.5ms (1 query, 0 cached) | GC: 0.0ms)


Started GET "/api/v1/config/maps_key" for ::1 at 2025-11-11 16:04:35 +0000
Started GET "/api/v1/restaurants" for ::1 at 2025-11-11 16:04:35 +0000
Processing by Api::V1::ConfigController#maps_key as HTML
Completed 200 OK in 0ms (Views: 0.1ms | ActiveRecord: 0.0ms (0 queries, 0 cached) | GC: 0.0ms)


Processing by Api::V1::RestaurantsController#index as HTML
  [1m[36mRestaurant Load (0.3ms)[0m  [1m[34mSELECT "restaurants".* FROM "restaurants" /*action='index',application='Backend',controller='restaurants'*/[0m
  ↳ app/controllers/api/v1/restaurants_controller.rb:9:in 'Api::V1::RestaurantsController#index'
Completed 200 OK in 3ms (Views: 2.1ms | ActiveRecord: 0.3ms (1 query, 0 cached) | GC: 0.0ms)


Started GET "/api/v1/restaurants" for ::1 at 2025-11-11 16:05:01 +0000
Processing by Api::V1::RestaurantsController#index as HTML
  [1m[36mRestaurant Load (0.5ms)[0m  [1m[34mSELECT "restaurants".* FROM "restaurants" /*action='index',application='Backend',controller='restaurants'*/[0m
  ↳ app/controllers/api/v1/restaurants_controller.rb:9:in 'Api::V1::RestaurantsController#index'
Completed 200 OK in 2ms (Views: 1.6ms | ActiveRecord: 0.5ms (1 query, 0 cached) | GC: 0.0ms)


Started GET "/api/v1/restaurants" for ::1 at 2025-11-14 11:57:09 +0000
Started GET "/api/v1/config/maps_key" for ::1 at 2025-11-14 11:57:09 +0000
  [1m[36mActiveRecord::SchemaMigration Load (2.0ms)[0m  [1m[34mSELECT "schema_migrations"."version" FROM "schema_migrations" ORDER BY "schema_migrations"."version" ASC /*application='Backend'*/[0m
  
ActionController::RoutingError (No route matches [GET] "/api/v1/restaurants"):
  
Processing by Api::V1::ConfigController#maps_key as HTML
Completed 200 OK in 4ms (Views: 0.1ms | ActiveRecord: 0.0ms (0 queries, 0 cached) | GC: 0.0ms)


Started GET "/api/v1/config/maps_key" for ::1 at 2025-11-14 11:57:10 +0000
Processing by Api::V1::ConfigController#maps_key as HTML
Completed 200 OK in 0ms (Views: 0.1ms | ActiveRecord: 0.0ms (0 queries, 0 cached) | GC: 0.0ms)


Started GET "/api/v1/restaurants" for ::1 at 2025-11-14 11:57:10 +0000
Processing by Api::V1::RestaurantsController#index as HTML
  [1m[36mRestaurant Load (8.3ms)[0m  [1m[34mSELECT "restaurants".* FROM "restaurants" /*action='index',application='Backend',controller='restaurants'*/[0m
  ↳ app/controllers/api/v1/restaurants_controller.rb:9:in 'Api::V1::RestaurantsController#index'
Completed 200 OK in 37ms (Views: 3.3ms | ActiveRecord: 21.4ms (1 query, 0 cached) | GC: 0.0ms)


Started GET "/api/v1/restaurants" for ::1 at 2025-11-14 11:57:32 +0000
Processing by Api::V1::RestaurantsController#index as HTML
  [1m[36mRestaurant Load (0.3ms)[0m  [1m[34mSELECT "restaurants".* FROM "restaurants" /*action='index',application='Backend',controller='restaurants'*/[0m
  ↳ app/controllers/api/v1/restaurants_controller.rb:9:in 'Api::V1::RestaurantsController#index'
Completed 200 OK in 2ms (Views: 1.9ms | ActiveRecord: 0.3ms (1 query, 0 cached) | GC: 0.0ms)


Started GET "/api/v1/restaurants" for ::1 at 2025-11-14 11:58:14 +0000
Processing by Api::V1::RestaurantsController#index as HTML
  [1m[36mRestaurant Load (0.3ms)[0m  [1m[34mSELECT "restaurants".* FROM "restaurants" /*action='index',application='Backend',controller='restaurants'*/[0m
  ↳ app/controllers/api/v1/restaurants_controller.rb:9:in 'Api::V1::RestaurantsController#index'
Completed 200 OK in 2ms (Views: 1.6ms | ActiveRecord: 0.3ms (1 query, 0 cached) | GC: 0.0ms)


Started POST "/api/v1/restaurants" for ::1 at 2025-11-14 11:58:56 +0000
Processing by Api::V1::RestaurantsController#create as HTML
  Parameters: {"restaurant" => {"name" => "Connell Liam", "cuisine" => "ragu", "address" => "Galway witera fae", "website" => "", "user_added" => true}}
  [1m[36mTRANSACTION (0.2ms)[0m  [1m[35mBEGIN /*action='create',application='Backend',controller='restaurants'*/[0m
  ↳ app/controllers/api/v1/restaurants_controller.rb:21:in 'Api::V1::RestaurantsController#create'
  [1m[36mRestaurant Create (4.0ms)[0m  [1m[32mINSERT INTO "restaurants" ("name", "cuisine", "address", "website", "latitude", "longitude", "user_added", "created_at", "updated_at") VALUES ('Connell Liam', 'ragu', 'Galway witera fae', '', NULL, NULL, TRUE, '2025-11-14 11:58:56.820478', '2025-11-14 11:58:56.820478') RETURNING "id" /*action='create',application='Backend',controller='restaurants'*/[0m
  ↳ app/controllers/api/v1/restaurants_controller.rb:21:in 'Api::V1::RestaurantsController#create'
  [1m[36mTRANSACTION (2.9ms)[0m  [1m[35mCOMMIT /*action='create',application='Backend',controller='restaurants'*/[0m
  ↳ app/controllers/api/v1/restaurants_controller.rb:21:in 'Api::V1::RestaurantsController#create'
Completed 201 Created in 288ms (Views: 0.2ms | ActiveRecord: 7.1ms (1 query, 0 cached) | GC: 0.0ms)


Started GET "/api/v1/restaurants" for ::1 at 2025-11-14 11:58:56 +0000
Processing by Api::V1::RestaurantsController#index as HTML
  [1m[36mRestaurant Load (0.2ms)[0m  [1m[34mSELECT "restaurants".* FROM "restaurants" /*action='index',application='Backend',controller='restaurants'*/[0m
  ↳ app/controllers/api/v1/restaurants_controller.rb:9:in 'Api::V1::RestaurantsController#index'
Completed 200 OK in 2ms (Views: 1.6ms | ActiveRecord: 0.2ms (1 query, 0 cached) | GC: 0.0ms)


Started GET "/api/v1/restaurants" for ::1 at 2025-11-14 11:59:12 +0000
Processing by Api::V1::RestaurantsController#index as HTML
  [1m[36mRestaurant Load (0.3ms)[0m  [1m[34mSELECT "restaurants".* FROM "restaurants" /*action='index',application='Backend',controller='restaurants'*/[0m
  ↳ app/controllers/api/v1/restaurants_controller.rb:9:in 'Api::V1::RestaurantsController#index'
Completed 200 OK in 3ms (Views: 2.2ms | ActiveRecord: 0.3ms (1 query, 0 cached) | GC: 0.0ms)


Started GET "/api/v1/config/maps_key" for ::1 at 2025-11-16 17:55:12 +0000
Started GET "/api/v1/restaurants" for ::1 at 2025-11-16 17:55:12 +0000
  [1m[36mActiveRecord::SchemaMigration Load (1.5ms)[0m  [1m[34mSELECT "schema_migrations"."version" FROM "schema_migrations" ORDER BY "schema_migrations"."version" ASC /*application='Backend'*/[0m
  
ActionController::RoutingError (No route matches [GET] "/api/v1/restaurants"):
  
Processing by Api::V1::ConfigController#maps_key as HTML
Completed 200 OK in 4ms (Views: 0.5ms | ActiveRecord: 0.0ms (0 queries, 0 cached) | GC: 0.3ms)


Started GET "/api/v1/config/maps_key" for ::1 at 2025-11-16 17:55:12 +0000
Processing by Api::V1::ConfigController#maps_key as HTML
Completed 200 OK in 0ms (Views: 0.1ms | ActiveRecord: 0.0ms (0 queries, 0 cached) | GC: 0.0ms)


Started GET "/api/v1/restaurants" for ::1 at 2025-11-16 17:55:12 +0000
Processing by Api::V1::RestaurantsController#index as HTML
  [1m[36mRestaurant Load (8.5ms)[0m  [1m[34mSELECT "restaurants".* FROM "restaurants" /*action='index',application='Backend',controller='restaurants'*/[0m
  ↳ app/controllers/api/v1/restaurants_controller.rb:9:in 'Api::V1::RestaurantsController#index'
Completed 200 OK in 39ms (Views: 3.7ms | ActiveRecord: 23.1ms (1 query, 0 cached) | GC: 0.0ms)


Started GET "/api/v1/restaurants" for ::1 at 2025-11-16 17:55:41 +0000
Processing by Api::V1::RestaurantsController#index as HTML
  [1m[36mRestaurant Load (0.3ms)[0m  [1m[34mSELECT "restaurants".* FROM "restaurants" /*action='index',application='Backend',controller='restaurants'*/[0m
  ↳ app/controllers/api/v1/restaurants_controller.rb:9:in 'Api::V1::RestaurantsController#index'
Completed 200 OK in 2ms (Views: 1.6ms | ActiveRecord: 0.3ms (1 query, 0 cached) | GC: 0.0ms)


Started POST "/api/v1/restaurants" for ::1 at 2025-11-16 17:55:54 +0000
Processing by Api::V1::RestaurantsController#create as HTML
  Parameters: {"restaurant" => {"name" => "Pizza Box", "cuisine" => "Restaurant", "address" => "68a Hanover St, Liverpool L1 4AG, UK", "website" => "", "latitude" => 53.404250399999995, "longitude" => -2.9820385, "user_added" => false}}
  [1m[36mTRANSACTION (0.2ms)[0m  [1m[35mBEGIN /*action='create',application='Backend',controller='restaurants'*/[0m
  ↳ app/controllers/api/v1/restaurants_controller.rb:21:in 'Api::V1::RestaurantsController#create'
  [1m[36mRestaurant Create (3.4ms)[0m  [1m[32mINSERT INTO "restaurants" ("name", "cuisine", "address", "website", "latitude", "longitude", "user_added", "created_at", "updated_at") VALUES ('Pizza Box', 'Restaurant', '68a Hanover St, Liverpool L1 4AG, UK', '', 53.4041849, -2.9822946, FALSE, '2025-11-16 17:55:54.443645', '2025-11-16 17:55:54.443645') RETURNING "id" /*action='create',application='Backend',controller='restaurants'*/[0m
  ↳ app/controllers/api/v1/restaurants_controller.rb:21:in 'Api::V1::RestaurantsController#create'
  [1m[36mTRANSACTION (2.7ms)[0m  [1m[35mCOMMIT /*action='create',application='Backend',controller='restaurants'*/[0m
  ↳ app/controllers/api/v1/restaurants_controller.rb:21:in 'Api::V1::RestaurantsController#create'
Completed 201 Created in 387ms (Views: 0.2ms | ActiveRecord: 6.2ms (1 query, 0 cached) | GC: 0.0ms)


Started GET "/api/v1/restaurants" for ::1 at 2025-11-16 17:55:54 +0000
Processing by Api::V1::RestaurantsController#index as HTML
  [1m[36mRestaurant Load (0.2ms)[0m  [1m[34mSELECT "restaurants".* FROM "restaurants" /*action='index',application='Backend',controller='restaurants'*/[0m
  ↳ app/controllers/api/v1/restaurants_controller.rb:9:in 'Api::V1::RestaurantsController#index'
Completed 200 OK in 2ms (Views: 2.1ms | ActiveRecord: 0.2ms (1 query, 0 cached) | GC: 0.0ms)


Started GET "/api/v1/restaurants" for ::1 at 2025-11-16 17:56:28 +0000
Processing by Api::V1::RestaurantsController#index as HTML
  [1m[36mRestaurant Load (0.4ms)[0m  [1m[34mSELECT "restaurants".* FROM "restaurants" /*action='index',application='Backend',controller='restaurants'*/[0m
  ↳ app/controllers/api/v1/restaurants_controller.rb:9:in 'Api::V1::RestaurantsController#index'
Completed 200 OK in 2ms (Views: 1.7ms | ActiveRecord: 0.4ms (1 query, 0 cached) | GC: 0.0ms)


Started GET "/api/v1/restaurants" for ::1 at 2025-11-16 17:56:35 +0000
Processing by Api::V1::RestaurantsController#index as HTML
  [1m[36mRestaurant Load (0.3ms)[0m  [1m[34mSELECT "restaurants".* FROM "restaurants" /*action='index',application='Backend',controller='restaurants'*/[0m
  ↳ app/controllers/api/v1/restaurants_controller.rb:9:in 'Api::V1::RestaurantsController#index'
Completed 200 OK in 2ms (Views: 1.7ms | ActiveRecord: 0.3ms (1 query, 0 cached) | GC: 0.0ms)


Started GET "/api/v1/restaurants" for ::1 at 2025-11-16 17:56:49 +0000
Processing by Api::V1::RestaurantsController#index as HTML
  [1m[36mRestaurant Load (0.4ms)[0m  [1m[34mSELECT "restaurants".* FROM "restaurants" /*action='index',application='Backend',controller='restaurants'*/[0m
  ↳ app/controllers/api/v1/restaurants_controller.rb:9:in 'Api::V1::RestaurantsController#index'
Completed 200 OK in 2ms (Views: 1.9ms | ActiveRecord: 0.4ms (1 query, 0 cached) | GC: 0.0ms)


Started GET "/api/v1/restaurants" for ::1 at 2025-11-16 17:57:08 +0000
Processing by Api::V1::RestaurantsController#index as HTML
  [1m[36mRestaurant Load (0.3ms)[0m  [1m[34mSELECT "restaurants".* FROM "restaurants" /*action='index',application='Backend',controller='restaurants'*/[0m
  ↳ app/controllers/api/v1/restaurants_controller.rb:9:in 'Api::V1::RestaurantsController#index'
Completed 200 OK in 2ms (Views: 1.6ms | ActiveRecord: 0.3ms (1 query, 0 cached) | GC: 0.0ms)


Started GET "/api/v1/restaurants" for ::1 at 2025-11-16 17:57:10 +0000
Processing by Api::V1::RestaurantsController#index as HTML
  [1m[36mRestaurant Load (0.3ms)[0m  [1m[34mSELECT "restaurants".* FROM "restaurants" /*action='index',application='Backend',controller='restaurants'*/[0m
  ↳ app/controllers/api/v1/restaurants_controller.rb:9:in 'Api::V1::RestaurantsController#index'
Completed 200 OK in 2ms (Views: 1.7ms | ActiveRecord: 0.3ms (1 query, 0 cached) | GC: 0.0ms)


Started GET "/api/v1/restaurants" for ::1 at 2025-11-16 17:57:12 +0000
Processing by Api::V1::RestaurantsController#index as HTML
  [1m[36mRestaurant Load (0.4ms)[0m  [1m[34mSELECT "restaurants".* FROM "restaurants" /*action='index',application='Backend',controller='restaurants'*/[0m
  ↳ app/controllers/api/v1/restaurants_controller.rb:9:in 'Api::V1::RestaurantsController#index'
Completed 200 OK in 3ms (Views: 2.4ms | ActiveRecord: 0.4ms (1 query, 0 cached) | GC: 0.0ms)


Started GET "/api/v1/restaurants" for ::1 at 2025-11-16 17:57:13 +0000
Processing by Api::V1::RestaurantsController#index as HTML
  [1m[36mRestaurant Load (0.3ms)[0m  [1m[34mSELECT "restaurants".* FROM "restaurants" /*action='index',application='Backend',controller='restaurants'*/[0m
  ↳ app/controllers/api/v1/restaurants_controller.rb:9:in 'Api::V1::RestaurantsController#index'
Completed 200 OK in 2ms (Views: 1.7ms | ActiveRecord: 0.3ms (1 query, 0 cached) | GC: 0.0ms)


Started GET "/api/v1/restaurants" for ::1 at 2025-11-16 17:58:16 +0000
Processing by Api::V1::RestaurantsController#index as HTML
  [1m[36mRestaurant Load (0.3ms)[0m  [1m[34mSELECT "restaurants".* FROM "restaurants" /*action='index',application='Backend',controller='restaurants'*/[0m
  ↳ app/controllers/api/v1/restaurants_controller.rb:9:in 'Api::V1::RestaurantsController#index'
Completed 200 OK in 2ms (Views: 1.7ms | ActiveRecord: 0.3ms (1 query, 0 cached) | GC: 0.0ms)


Started GET "/api/v1/restaurants" for ::1 at 2025-11-18 17:19:44 +0000
Started GET "/api/v1/config/maps_key" for ::1 at 2025-11-18 17:19:44 +0000
  [1m[36mActiveRecord::SchemaMigration Load (2.6ms)[0m  [1m[34mSELECT "schema_migrations"."version" FROM "schema_migrations" ORDER BY "schema_migrations"."version" ASC /*application='Backend'*/[0m
  
ActionController::RoutingError (No route matches [GET] "/api/v1/config/maps_key"):
  
Processing by Api::V1::RestaurantsController#index as HTML
  [1m[36mRestaurant Load (17.8ms)[0m  [1m[34mSELECT "restaurants".* FROM "restaurants" /*action='index',application='Backend',controller='restaurants'*/[0m
  ↳ app/controllers/api/v1/restaurants_controller.rb:9:in 'Api::V1::RestaurantsController#index'
Completed 200 OK in 54ms (Views: -0.7ms | ActiveRecord: 40.5ms (1 query, 0 cached) | GC: 0.0ms)


Started GET "/api/v1/restaurants" for ::1 at 2025-11-18 17:19:44 +0000
Processing by Api::V1::RestaurantsController#index as HTML
  [1m[36mRestaurant Load (1.9ms)[0m  [1m[34mSELECT "restaurants".* FROM "restaurants" /*action='index',application='Backend',controller='restaurants'*/[0m
  ↳ app/controllers/api/v1/restaurants_controller.rb:9:in 'Api::V1::RestaurantsController#index'
Completed 200 OK in 4ms (Views: 1.9ms | ActiveRecord: 1.9ms (1 query, 0 cached) | GC: 0.0ms)


Started GET "/api/v1/config/maps_key" for ::1 at 2025-11-18 17:19:44 +0000
Processing by Api::V1::ConfigController#maps_key as HTML
Completed 200 OK in 0ms (Views: 0.1ms | ActiveRecord: 0.0ms (0 queries, 0 cached) | GC: 0.0ms)


Started GET "/api/v1/restaurants" for ::1 at 2025-11-18 17:20:13 +0000
Processing by Api::V1::RestaurantsController#index as HTML
  [1m[36mRestaurant Load (0.3ms)[0m  [1m[34mSELECT "restaurants".* FROM "restaurants" /*action='index',application='Backend',controller='restaurants'*/[0m
  ↳ app/controllers/api/v1/restaurants_controller.rb:9:in 'Api::V1::RestaurantsController#index'
Completed 200 OK in 2ms (Views: 1.7ms | ActiveRecord: 0.3ms (1 query, 0 cached) | GC: 0.0ms)


  [1m[36mRestaurant Delete All (5.9ms)[0m  [1m[31mDELETE FROM "restaurants" /*application='Backend'*/[0m
